2021-03-11 22:34:55,664:INFO:flipkrat.py:Url hitted
2021-03-11 22:34:55,871:INFO:flipkrat.py:login popup handled
2021-03-11 22:34:56,219:INFO:flipkrat.py:Search begins
2021-03-11 22:34:59,039:INFO:flipkrat.py:Data saved in scrapper file
2021-03-11 22:35:58,120:INFO:flipkrat.py:Url hitted
2021-03-11 22:35:58,315:INFO:flipkrat.py:login popup handled
2021-03-11 22:35:58,591:INFO:flipkrat.py:Search begins
2021-03-11 22:36:01,400:INFO:flipkrat.py:Data saved in scrapper file
2021-03-11 22:36:23,309:INFO:flipkrat.py:Url hitted
2021-03-11 22:36:23,496:INFO:flipkrat.py:login popup handled
2021-03-11 22:36:23,770:INFO:flipkrat.py:Search begins
2021-03-11 22:36:33,418:INFO:flipkrat.py:Url hitted
2021-03-11 22:36:33,647:INFO:flipkrat.py:login popup handled
2021-03-11 22:36:34,002:INFO:flipkrat.py:Search begins
2021-03-11 22:36:36,914:INFO:flipkrat.py:Data saved in scrapper file
2021-03-11 22:37:59,845:INFO:flipkrat.py:Thread run completed
2021-03-12 18:10:07,996:INFO:flipkrat.py:Url hitted
2021-03-12 18:10:08,216:INFO:flipkrat.py:login popup handled
2021-03-12 18:10:08,649:INFO:flipkrat.py:Search begins for Nike
2021-03-12 18:10:15,835:INFO:flipkrat.py:Data saved in scrapper file
2021-03-12 18:21:17,976:INFO:flipkrat.py:Url hitted
2021-03-12 18:21:18,307:INFO:flipkrat.py:login popup handled
2021-03-12 18:21:18,661:INFO:flipkrat.py:Search begins for shorts
2021-03-12 18:21:45,120:INFO:flipkrat.py:Thread run completed
2021-03-12 18:51:46,598:INFO:flipkrat.py:Url hitted
2021-03-12 18:51:46,854:INFO:flipkrat.py:login popup handled
2021-03-12 18:51:47,148:INFO:flipkrat.py:Search begins for Nike
2021-03-12 18:51:52,934:INFO:flipkrat.py:Data saved in scrapper file
2021-03-12 18:59:13,412:INFO:flipkrat.py:Url hitted
2021-03-12 18:59:13,585:INFO:flipkrat.py:login popup handled
2021-03-12 18:59:13,871:INFO:flipkrat.py:Search begins for Nike
2021-03-12 18:59:20,027:INFO:flipkrat.py:Data saved in scrapper file
2021-03-12 19:05:39,138:INFO:flipkrat.py:Url hitted
2021-03-12 19:05:39,293:INFO:flipkrat.py:login popup handled
2021-03-12 19:05:39,627:INFO:flipkrat.py:Search begins for Saree
2021-03-12 19:05:45,435:INFO:flipkrat.py:Data saved in scrapper file
2021-03-12 19:48:30,551:INFO:flipkrat.py:Url hitted
2021-03-12 19:48:32,022:INFO:flipkrat.py:login popup handled
2021-03-12 19:48:33,971:INFO:flipkrat.py:Search begins for Nike
2021-03-12 19:48:39,271:INFO:flipkrat.py:Data saved in scrapper file
2021-03-12 19:52:16,469:INFO:flipkrat.py:Url hitted
2021-03-12 19:52:16,797:INFO:flipkrat.py:login popup handled
2021-03-12 19:52:17,244:INFO:flipkrat.py:Search begins for Nike
2021-03-12 19:52:19,627:INFO:flipkrat.py:Data saved in scrapper file
2021-03-12 22:38:31,082:INFO:flipkrat.py:Url hitted
2021-03-12 22:38:31,387:INFO:flipkrat.py:login popup handled
2021-03-12 22:38:31,835:INFO:flipkrat.py:Search begins for Nike
2021-03-12 22:38:38,080:INFO:flipkrat.py:Data saved in scrapper file
2021-08-01 15:16:07,847:INFO:flipkrat.py:Url hitted
2021-08-01 15:16:07,888:INFO:flipkrat.py:login popup handled
2021-08-01 15:16:07,981:INFO:flipkrat.py:Search begins for samsung
2021-08-01 15:16:09,936:INFO:flipkrat.py:Data saved in scrapper file
2021-08-01 15:17:33,103:INFO:flipkrat.py:Url hitted
2021-08-01 15:17:33,148:INFO:flipkrat.py:login popup handled
2021-08-01 15:17:33,252:INFO:flipkrat.py:Search begins for samsung
2021-08-01 15:17:36,074:INFO:flipkrat.py:data saved in scrapper file
2021-08-01 15:33:43,729:INFO:flipkrat.py:Url hitted
2021-08-01 15:33:43,797:INFO:flipkrat.py:login popup handled
2021-08-01 15:33:43,887:INFO:flipkrat.py:Search begins for samsung
2021-08-01 15:33:46,335:INFO:flipkrat.py:Data saved in scrapper file
2021-08-01 16:02:20,882:INFO:flipkrat.py:Url hitted
2021-08-01 16:02:20,978:INFO:flipkrat.py:login popup handled
2021-08-01 16:02:21,096:INFO:flipkrat.py:Search begins for samsung
2021-08-01 16:28:58,071:INFO:flipkrat.py:Url hitted
2021-08-01 16:28:58,144:INFO:flipkrat.py:login popup handled
2021-08-01 16:31:59,312:INFO:flipkrat.py:Url hitted
2021-08-01 16:31:59,384:INFO:flipkrat.py:login popup handled
2021-12-05 20:02:01,224:INFO:flipkrat.py:Url hitted
2021-12-05 20:02:01,966:INFO:flipkrat.py:login popup handled
2021-12-05 20:02:02,069:INFO:flipkrat.py:Search begins for samsung
2021-12-18 19:48:58,493:INFO:flipkrat.py:Url hitted
2021-12-18 19:48:58,541:INFO:flipkrat.py:login popup handled
2021-12-18 19:48:58,671:INFO:flipkrat.py:Search begins for iphone7
2022-01-26 17:52:59,092:INFO:flipkrat.py:Url hitted
2022-01-26 17:53:01,193:INFO:flipkrat.py:login popup handled
2022-01-26 17:53:02,383:INFO:flipkrat.py:Search begins for Iphone-7
2022-01-26 19:14:26,135:INFO:flipkrat.py:Url hitted
2022-01-26 19:14:26,565:INFO:flipkrat.py:login popup handled
2022-01-26 19:14:26,970:INFO:flipkrat.py:Search begins for Iphone-7
2022-01-26 20:14:18,110:INFO:flipkrat.py:Url hitted
2022-01-26 20:14:18,373:INFO:flipkrat.py:login popup handled
2022-01-26 20:14:18,660:INFO:flipkrat.py:Search begins for Iphone-7
2022-01-26 20:25:47,423:INFO:flipkrat.py:Url hitted
2022-01-26 20:25:47,665:INFO:flipkrat.py:login popup handled
2022-01-26 20:25:47,891:INFO:flipkrat.py:Search begins for Iphone-7
2022-01-26 21:11:19,124:INFO:flipkrat.py:Url hitted
2022-01-26 21:11:20,361:INFO:flipkrat.py:login popup handled
2022-01-26 21:11:20,998:INFO:flipkrat.py:Search begins for Iphone-7
2022-01-26 21:13:54,620:INFO:flipkrat.py:Thread run completed
2022-01-26 21:19:25,406:INFO:flipkrat.py:Url hitted
2022-01-26 21:19:25,573:INFO:flipkrat.py:login popup handled
2022-01-26 21:19:25,832:INFO:flipkrat.py:Search begins for samsungGalaxy
2022-01-26 21:27:48,305:INFO:flipkrat.py:Thread run completed
2022-01-26 21:59:48,636:INFO:flipkrat.py:Url hitted
2022-01-26 21:59:50,017:INFO:flipkrat.py:login popup handled
2022-01-26 21:59:50,575:INFO:flipkrat.py:Search begins for Redminote7pro
2022-01-26 22:10:04,637:INFO:flipkrat.py:Thread run completed
2022-01-26 22:11:35,910:INFO:flipkrat.py:Url hitted
2022-01-26 22:11:36,090:INFO:flipkrat.py:login popup handled
2022-01-26 22:11:36,321:INFO:flipkrat.py:Search begins for Redminote7pro
2022-01-26 22:11:56,778:INFO:flipkrat.py:Data saved in scrapper file
2022-01-26 22:33:29,900:INFO:flipkrat.py:Url hitted
2022-01-26 22:33:31,119:INFO:flipkrat.py:login popup handled
2022-01-26 22:33:32,474:INFO:flipkrat.py:Search begins for oneplusnord
2022-01-26 22:41:33,870:INFO:flipkrat.py:Url hitted
2022-01-26 22:41:34,885:INFO:flipkrat.py:login popup handled
2022-01-26 22:41:35,906:INFO:flipkrat.py:Search begins for nike
2022-01-26 22:49:14,667:INFO:flipkrat.py:Thread run completed
2022-01-27 10:54:38,417:INFO:flipkrat.py:Url hitted
2022-01-27 10:54:39,538:INFO:flipkrat.py:login popup handled
2022-01-27 10:54:40,300:INFO:flipkrat.py:Search begins for delllaptop
2022-01-27 11:01:46,745:INFO:flipkrat.py:Url hitted
2022-01-27 11:01:46,883:INFO:flipkrat.py:login popup handled
2022-01-27 11:01:47,112:INFO:flipkrat.py:Search begins for oppophones
2022-01-27 11:02:57,696:INFO:flipkrat.py:Thread run completed
